This is XeTeX, Version 3.141592653-2.6-0.999998 (TeX Live 2026) (preloaded format=xelatex 2026.3.22)  26 APR 2026 09:22
entering extended mode
 restricted \write18 enabled.
 %&-line parsing enabled.
**main.tex
(./main.tex
LaTeX2e <2025-11-01>
L3 programming layer <2026-01-19>
(/usr/local/texlive/2026/texmf-dist/tex/latex/base/book.cls
Document Class: book 2025/01/22 v1.4n Standard LaTeX document class
(/usr/local/texlive/2026/texmf-dist/tex/latex/base/bk12.clo
File: bk12.clo 2025/01/22 v1.4n Standard LaTeX file (size option)
)
\c@part=\count271
\c@chapter=\count272
\c@section=\count273
\c@subsection=\count274
\c@subsubsection=\count275
\c@paragraph=\count276
\c@subparagraph=\count277
\c@figure=\count278
\c@table=\count279
\abovecaptionskip=\skip49
\belowcaptionskip=\skip50
\bibindent=\dimen148
)
(/usr/local/texlive/2026/texmf-dist/tex/latex/base/inputenc.sty
Package: inputenc 2024/02/08 v1.3d Input encoding file
\inpenc@prehook=\toks17
\inpenc@posthook=\toks18


Package inputenc Warning: inputenc package ignored with utf8 based engines.

) (/usr/local/texlive/2026/texmf-dist/tex/latex/graphics/graphicx.sty
Package: graphicx 2024/12/31 v1.2e Enhanced LaTeX Graphics (DPC,SPQR)

(/usr/local/texlive/2026/texmf-dist/tex/latex/graphics/keyval.sty
Package: keyval 2022/05/29 v1.15 key=value parser (DPC)
\KV@toks@=\toks19
)
(/usr/local/texlive/2026/texmf-dist/tex/latex/graphics/graphics.sty
Package: graphics 2024/08/06 v1.4g Standard LaTeX Graphics (DPC,SPQR)

(/usr/local/texlive/2026/texmf-dist/tex/latex/graphics/trig.sty
Package: trig 2023/12/02 v1.11 sin cos tan (DPC)
)
(/usr/local/texlive/2026/texmf-dist/tex/latex/graphics-cfg/graphics.cfg
File: graphics.cfg 2016/06/04 v1.11 sample graphics configuration
)
Package graphics Info: Driver file: xetex.def on input line 106.

(/usr/local/texlive/2026/texmf-dist/tex/latex/graphics-def/xetex.def
File: xetex.def 2025/11/01 v5.0p Graphics/color driver for xetex
))
\Gin@req@height=\dimen149
\Gin@req@width=\dimen150
)
(/usr/local/texlive/2026/texmf-dist/tex/latex/amscls/amsthm.sty
Package: amsthm 2020/05/29 v2.20.6
\thm@style=\toks20
\thm@bodyfont=\toks21
\thm@headfont=\toks22
\thm@notefont=\toks23
\thm@headpunct=\toks24
\thm@preskip=\skip51
\thm@postskip=\skip52
\thm@headsep=\skip53
\dth@everypar=\toks25
)
(/usr/local/texlive/2026/texmf-dist/tex/latex/amsfonts/amsfonts.sty
Package: amsfonts 2013/01/14 v3.01 Basic AMSFonts support
\@emptytoks=\toks26
\symAMSa=\mathgroup4
\symAMSb=\mathgroup5
LaTeX Font Info:    Redeclaring math symbol \hbar on input line 98.
LaTeX Font Info:    Overwriting math alphabet `\mathfrak' in version `bold'
(Font)                  U/euf/m/n --> U/euf/b/n on input line 106.
)
(/usr/local/texlive/2026/texmf-dist/tex/latex/amsmath/amsmath.sty
Package: amsmath 2025/07/09 v2.17z AMS math features
\@mathmargin=\skip54

For additional information on amsmath, use the `?' option.
(/usr/local/texlive/2026/texmf-dist/tex/latex/amsmath/amstext.sty
Package: amstext 2024/11/17 v2.01 AMS text

(/usr/local/texlive/2026/texmf-dist/tex/latex/amsmath/amsgen.sty
File: amsgen.sty 1999/11/30 v2.0 generic functions
\@emptytoks=\toks27
\ex@=\dimen151
))
(/usr/local/texlive/2026/texmf-dist/tex/latex/amsmath/amsbsy.sty
Package: amsbsy 1999/11/29 v1.2d Bold Symbols
\pmbraise@=\dimen152
)
(/usr/local/texlive/2026/texmf-dist/tex/latex/amsmath/amsopn.sty
Package: amsopn 2022/04/08 v2.04 operator names
)
\inf@bad=\count280
LaTeX Info: Redefining \frac on input line 233.
\uproot@=\count281
\leftroot@=\count282
LaTeX Info: Redefining \overline on input line 398.
LaTeX Info: Redefining \colon on input line 409.
\classnum@=\count283
\DOTSCASE@=\count284
LaTeX Info: Redefining \ldots on input line 495.
LaTeX Info: Redefining \dots on input line 498.
LaTeX Info: Redefining \cdots on input line 619.
\Mathstrutbox@=\box53
\strutbox@=\box54
LaTeX Info: Redefining \big on input line 721.
LaTeX Info: Redefining \Big on input line 722.
LaTeX Info: Redefining \bigg on input line 723.
LaTeX Info: Redefining \Bigg on input line 724.
\big@size=\dimen153
LaTeX Font Info:    Redeclaring font encoding OML on input line 742.
LaTeX Font Info:    Redeclaring font encoding OMS on input line 743.
\macc@depth=\count285
LaTeX Info: Redefining \bmod on input line 904.
LaTeX Info: Redefining \pmod on input line 909.
LaTeX Info: Redefining \smash on input line 939.
LaTeX Info: Redefining \relbar on input line 969.
LaTeX Info: Redefining \Relbar on input line 970.
\c@MaxMatrixCols=\count286
\dotsspace@=\muskip17
\c@parentequation=\count287
\dspbrk@lvl=\count288
\tag@help=\toks28
\row@=\count289
\column@=\count290
\maxfields@=\count291
\andhelp@=\toks29
\eqnshift@=\dimen154
\alignsep@=\dimen155
\tagshift@=\dimen156
\tagwidth@=\dimen157
\totwidth@=\dimen158
\lineht@=\dimen159
\@envbody=\toks30
\multlinegap=\skip55
\multlinetaggap=\skip56
\mathdisplay@stack=\toks31
LaTeX Info: Redefining \[ on input line 2950.
LaTeX Info: Redefining \] on input line 2951.
)
(/usr/local/texlive/2026/texmf-dist/tex/latex/mathtools/mathtools.sty
Package: mathtools 2024/10/04 v1.31 mathematical typesetting tools

(/usr/local/texlive/2026/texmf-dist/tex/latex/tools/calc.sty
Package: calc 2025/03/01 v4.3b Infix arithmetic (KKT,FJ)
\calc@Acount=\count292
\calc@Bcount=\count293
\calc@Adimen=\dimen160
\calc@Bdimen=\dimen161
\calc@Askip=\skip57
\calc@Bskip=\skip58
LaTeX Info: Redefining \setlength on input line 86.
LaTeX Info: Redefining \addtolength on input line 87.
\calc@Ccount=\count294
\calc@Cskip=\skip59
)
(/usr/local/texlive/2026/texmf-dist/tex/latex/mathtools/mhsetup.sty
Package: mhsetup 2021/03/18 v1.4 programming setup (MH)
)
\g_MT_multlinerow_int=\count295
\l_MT_multwidth_dim=\dimen162
\origjot=\skip60
\l_MT_shortvdotswithinadjustabove_dim=\dimen163
\l_MT_shortvdotswithinadjustbelow_dim=\dimen164
\l_MT_above_intertext_sep=\dimen165
\l_MT_below_intertext_sep=\dimen166
\l_MT_above_shortintertext_sep=\dimen167
\l_MT_below_shortintertext_sep=\dimen168
\xmathstrut@box=\box55
\xmathstrut@dim=\dimen169
)
(/usr/local/texlive/2026/texmf-dist/tex/latex/dirtytalk/dirtytalk.sty
Package: dirtytalk 2010/11/21 A package making "quoting" easier

(/usr/local/texlive/2026/texmf-dist/tex/latex/kvoptions/kvoptions.sty
Package: kvoptions 2022-06-15 v3.15 Key value format for package options (HO)

(/usr/local/texlive/2026/texmf-dist/tex/generic/ltxcmds/ltxcmds.sty
Package: ltxcmds 2023-12-04 v1.26 LaTeX kernel commands for general use (HO)
)
(/usr/local/texlive/2026/texmf-dist/tex/latex/kvsetkeys/kvsetkeys.sty
Package: kvsetkeys 2022-10-05 v1.19 Key value parser (HO)
))
(/usr/local/texlive/2026/texmf-dist/tex/latex/base/ifthen.sty
Package: ifthen 2024/03/16 v1.1e Standard LaTeX ifthen package (DPC)
)
\c@dirtytalk@qdepth=\count296
)
(/usr/local/texlive/2026/texmf-dist/tex/latex/url/url.sty
\Urlmuskip=\muskip18
Package: url 2013/09/16  ver 3.4  Verb mode for urls, etc.
)
(/usr/local/texlive/2026/texmf-dist/tex/latex/xcolor/xcolor.sty
Package: xcolor 2024/09/29 v3.02 LaTeX color extensions (UK)

(/usr/local/texlive/2026/texmf-dist/tex/latex/graphics-cfg/color.cfg
File: color.cfg 2016/01/02 v1.6 sample color configuration
)
Package xcolor Info: Driver file: xetex.def on input line 274.

(/usr/local/texlive/2026/texmf-dist/tex/latex/graphics/mathcolor.ltx)
Package xcolor Info: Model `cmy' substituted by `cmy0' on input line 1349.
Package xcolor Info: Model `RGB' extended on input line 1365.
Package xcolor Info: Model `HTML' substituted by `rgb' on input line 1367.
Package xcolor Info: Model `Hsb' substituted by `hsb' on input line 1368.
Package xcolor Info: Model `tHsb' substituted by `hsb' on input line 1369.
Package xcolor Info: Model `HSB' substituted by `hsb' on input line 1370.
Package xcolor Info: Model `Gray' substituted by `gray' on input line 1371.
Package xcolor Info: Model `wave' substituted by `hsb' on input line 1372.
)
(/usr/local/texlive/2026/texmf-dist/tex/latex/l3backend/l3backend-xetex.def
File: l3backend-xetex.def 2025-10-09 L3 backend support: XeTeX
\g__graphics_track_int=\count297
\g__pdfannot_backend_int=\count298
\g__pdfannot_backend_link_int=\count299
)
(./main.aux (./TeX_files/Quote.aux) (./TeX_files/GP.aux

LaTeX Warning: Label `trajectories' multiply defined.


LaTeX Warning: Label `trajectories' multiply defined.


LaTeX Warning: Label `trajectories' multiply defined.

) (./TeX_files/BO.aux) (./TeX_files/SMBO.aux) (./TeX_files/BASS.aux

LaTeX Warning: Label `building_BASS' multiply defined.

) (./TeX_files/Experiment.aux) (./TeX_files/Conclusions.aux))
\openout1 = `main.aux'.

LaTeX Font Info:    Checking defaults for OML/cmm/m/it on input line 14.
LaTeX Font Info:    ... okay on input line 14.
LaTeX Font Info:    Checking defaults for OMS/cmsy/m/n on input line 14.
LaTeX Font Info:    ... okay on input line 14.
LaTeX Font Info:    Checking defaults for OT1/cmr/m/n on input line 14.
LaTeX Font Info:    ... okay on input line 14.
LaTeX Font Info:    Checking defaults for T1/cmr/m/n on input line 14.
LaTeX Font Info:    ... okay on input line 14.
LaTeX Font Info:    Checking defaults for TS1/cmr/m/n on input line 14.
LaTeX Font Info:    ... okay on input line 14.
LaTeX Font Info:    Checking defaults for TU/lmr/m/n on input line 14.
LaTeX Font Info:    ... okay on input line 14.
LaTeX Font Info:    Checking defaults for OMX/cmex/m/n on input line 14.
LaTeX Font Info:    ... okay on input line 14.
LaTeX Font Info:    Checking defaults for U/cmr/m/n on input line 14.
LaTeX Font Info:    ... okay on input line 14.
\c@definition=\count300
\c@theorem=\count301
\c@lemma=\count302
LaTeX Font Info:    Trying to load font information for U+msa on input line 25.


(/usr/local/texlive/2026/texmf-dist/tex/latex/amsfonts/umsa.fd
File: umsa.fd 2013/01/14 v3.01 AMS symbols A
)
LaTeX Font Info:    Trying to load font information for U+msb on input line 25.


(/usr/local/texlive/2026/texmf-dist/tex/latex/amsfonts/umsb.fd
File: umsb.fd 2013/01/14 v3.01 AMS symbols B
) [1



] [2

]
(./main.toc [3])
\tf@toc=\write3
\openout3 = `main.toc'.

 [4]
\openout2 = `./TeX_files/Introduction.aux'.

 (./TeX_files/Introduction.tex) [1



]
\openout2 = `./TeX_files/Quote.aux'.

 (./TeX_files/Quote.tex
[2




]) [3]
\openout2 = `./TeX_files/GP.aux'.

 (./TeX_files/GP.tex [4




]
Chapter 1.
[5]
File: Figures/missing.png Graphic file (type bmp)
<Figures/missing.png>
 [6]
Overfull \hbox (14.79184pt too wide) detected at line 51
\U/msb/m/n/12 P\OT1/cmr/m/n/12 (\OML/cmm/m/it/12 X[] \OT1/cmr/m/n/12 = \OML/cmm
/m/it/12 s[]\OMS/cmsy/m/n/12 j\OML/cmm/m/it/12 X[] \OT1/cmr/m/n/12 = \OML/cmm/m
/it/12 s[]; X[] \OT1/cmr/m/n/12 = \OML/cmm/m/it/12 s[]; [] ; X[] \OT1/cmr/m/n/1
2 = \OML/cmm/m/it/12 s[]\OT1/cmr/m/n/12 ) = \U/msb/m/n/12 P\OT1/cmr/m/n/12 (\OM
L/cmm/m/it/12 X[] \OT1/cmr/m/n/12 = \OML/cmm/m/it/12 s[]\OMS/cmsy/m/n/12 j\OML/
cmm/m/it/12 X[] \OT1/cmr/m/n/12 = \OML/cmm/m/it/12 s[]\OT1/cmr/m/n/12 )
 []

[7] [8] [9] [10] [11] [12]
Overfull \hbox (12.94046pt too wide) detected at line 207
\OML/cmm/m/it/12 ^^W[]\OT1/cmr/m/n/12 (\OML/cmm/m/it/12 F[] \OMS/cmsy/m/n/12 ^^
B [] ^^B \OML/cmm/m/it/12 F[]\OT1/cmr/m/n/12 ) = \OML/cmm/m/it/12 ^^W[] [] :
 []

[13] [14]
File: Figures/missing.png Graphic file (type bmp)
<Figures/missing.png>

Overfull \hbox (7.76242pt too wide) in paragraph at lines 252--253
[]\TU/lmr/m/n/12 Basically, all major properties such as smoothness, differenti
ability, sparcity
 []

[15]
File: Figures/missing.png Graphic file (type bmp)
<Figures/missing.png>
 [16]
File: Figures/missing.png Graphic file (type bmp)
<Figures/missing.png>
 [17] [18]
Overfull \hbox (56.60707pt too wide) in paragraph at lines 306--308
\TU/lmr/m/n/12 where $[] \OT1/cmr/m/n/12 = [\OML/cmm/m/it/12 x[]; x[]; [] ; x[]
\OT1/cmr/m/n/12 ]$\TU/lmr/m/n/12 , $[] \OT1/cmr/m/n/12 = [\OML/cmm/m/it/12 f\OT
1/cmr/m/n/12 (\OML/cmm/m/it/12 x[]\OT1/cmr/m/n/12 )\OML/cmm/m/it/12 ; f\OT1/cmr
/m/n/12 (\OML/cmm/m/it/12 x[]\OT1/cmr/m/n/12 )\OML/cmm/m/it/12 ; [] ; f\OT1/cmr
/m/n/12 (\OML/cmm/m/it/12 x[]\OT1/cmr/m/n/12 )]$\TU/lmr/m/n/12 , $\OML/cmm/m/it
/12 ^^V \OT1/cmr/m/n/12 = [\OML/cmm/m/it/12 m\OT1/cmr/m/n/12 (\OML/cmm/m/it/12 
x[]\OT1/cmr/m/n/12 )\OML/cmm/m/it/12 ; m\OT1/cmr/m/n/12 (\OML/cmm/m/it/12 x[]\O
T1/cmr/m/n/12 )\OML/cmm/m/it/12 ; [] ; m\OT1/cmr/m/n/12 (\OML/cmm/m/it/12 x[]\O
T1/cmr/m/n/12 )]$
 []

[19]) [20]
\openout2 = `./TeX_files/BO.aux'.

 (./TeX_files/BO.tex
Chapter 2.
[21




]
Underfull \vbox (badness 10000) has occurred while \output is active []

 [22]
Overfull \hbox (1.05205pt too wide) in paragraph at lines 21--22
[]\TU/lmr/m/n/12 Determining a probabilistic model that captures the observed b
ehaviour
 []

[23] [24]
Overfull \hbox (0.50003pt too wide) in paragraph at lines 52--53
\TU/lmr/m/n/12 cesses serve as a natural bridge between the Bayesian framework 
and Bayesian
 []

) [25]
\openout2 = `./TeX_files/SMBO.aux'.

 (./TeX_files/SMBO.tex [26




]
Chapter 3.
[27] [28] [29] [30] [31]) [32]
Overfull \hbox (5.60016pt too wide) has occurred while \output is active
\TU/lmr/m/sl/12 3.2.  OTHER TECHNIQUES FOR OPTIMIZING HYPERPARAMETERS \TU/lmr/m
/n/12 33
 []

[33]
\openout2 = `./TeX_files/BASS.aux'.

 (./TeX_files/BASS.tex [34




]
Chapter 4.
File: Figures/missing.png Graphic file (type bmp)
<Figures/missing.png>

Underfull \vbox (badness 3428) has occurred while \output is active []

 [35]
File: Figures/missing.png Graphic file (type bmp)
<Figures/missing.png>

[36] [37]
File: Figures/3ref_pair.png Graphic file (type bmp)
<Figures/3ref_pair.png>
File: Figures/3hinge.png Graphic file (type bmp)
<Figures/3hinge.png>


LaTeX Warning: `h' float specifier changed to `ht'.


LaTeX Warning: `h' float specifier changed to `ht'.

[38] [39]
Overfull \hbox (0.47284pt too wide) in paragraph at lines 110--111
[]\TU/lmr/m/n/12 In conclusion, our exploration of Multivariate Adaptive Regres
sion Splines
 []

[40]
Overfull \hbox (3.08873pt too wide) in paragraph at lines 120--121
\TU/lmr/m/it/12 if $\OT1/cmr/m/n/12 [\OML/cmm/m/it/12 x\OT1/cmr/m/n/12 (1\OML/c
mm/m/it/12 ; i\OT1/cmr/m/n/12 )\OML/cmm/m/it/12 ; [] ; x\OT1/cmr/m/n/12 (\OML/c
mm/m/it/12 J[]; i\OT1/cmr/m/n/12 )]$ \TU/lmr/m/it/12 is identical to some permu
tation of $\OT1/cmr/m/n/12 [\OML/cmm/m/it/12 x\OT1/cmr/m/n/12 (1\OML/cmm/m/it/1
2 ; j\OT1/cmr/m/n/12 )\OML/cmm/m/it/12 ; [] ; x\OT1/cmr/m/n/12 (\OML/cmm/m/it/1
2 J[]; j\OT1/cmr/m/n/12 )]$\TU/lmr/m/it/12 .
 []

[41] [42] [43] [44])
Overfull \hbox (5.73758pt too wide) has occurred while \output is active
\TU/lmr/m/sl/12 4.5.  BASS MODELS AS SURROGATES IN BAYESIAN OPTIMIZATION \TU/lm
r/m/n/12 45
 []

[45]
\openout2 = `./TeX_files/Experiment.aux'.

 (./TeX_files/Experiment.tex [46




]
Chapter 5.

Overfull \hbox (0.18002pt too wide) in paragraph at lines 7--8
[]\TU/lmr/m/n/12 This chapter presents the experimental framework used to evalu
ate BASS-
 []


Underfull \vbox (badness 10000) has occurred while \output is active []

 [47]
[48]
Overfull \hbox (2.884pt too wide) in paragraph at lines 54--55
 \TU/lmr/bx/n/12 4) Repetitions and randomization[] \TU/lmr/m/n/12 Each configu
ration is repeated across
 []

[49] [50] [51]
Overfull \hbox (44.82484pt too wide) in paragraph at lines 120--122
[]\TU/lmr/bx/n/12 Exploration–Exploitation Controls\TU/lmr/m/n/12 : \TU/lmtt/m/
n/12 bass_kappa_start\TU/lmr/m/n/12 , \TU/lmtt/m/n/12 bass_kappa_end\TU/lmr/m/n
/12 ,
 []


Overfull \hbox (43.02484pt too wide) in paragraph at lines 126--128
[]\TU/lmr/bx/n/12 Surrogate Complexity Controls\TU/lmr/m/n/12 : \TU/lmtt/m/n/12
 bass_degree_early\TU/lmr/m/n/12 , \TU/lmtt/m/n/12 bass_degree_late\TU/lmr/m/n/
12 ,
 []


Overfull \hbox (41.49603pt too wide) in paragraph at lines 129--131
[]\TU/lmr/bx/n/12 Uncertainty Calibration Controls\TU/lmr/m/n/12 : \TU/lmtt/m/n
/12 bass_sd_inflate \TU/lmr/m/n/12 and \TU/lmtt/m/n/12 bass_sd_floor\TU/lmr/m/n
/12 .
 []


Overfull \hbox (1.51282pt too wide) in paragraph at lines 133--134
\TU/lmr/m/n/12 out revisiting \TU/lmtt/m/n/12 bass_kappa_* \TU/lmr/m/n/12 may n
ot yield better search behavior, and adding
 []

File: Figures/branin.png Graphic file (type bmp)
<Figures/branin.png>

Overfull \hbox (8.33858pt too wide) in paragraph at lines 152--154
 [][] 
 []


LaTeX Warning: `h' float specifier changed to `ht'.

[52]
File: Figures/branin.png Graphic file (type bmp)
<Figures/branin.png>

Overfull \hbox (8.33858pt too wide) in paragraph at lines 167--169
 [][] 
 []

) [53] [54]
\openout2 = `./TeX_files/Conclusions.aux'.

 (./TeX_files/Conclusions.tex
Chapter 6.
[55




]
Overfull \hbox (4.54218pt too wide) in paragraph at lines 15--16
[]\TU/lmr/m/n/12 The practical takeaway is therefore balanced. For smooth, low-
dimensional
 []


Underfull \vbox (badness 10000) has occurred while \output is active []

 [56])
[57] [58



] (./main.bbl [59

]
Underfull \hbox (badness 1152) in paragraph at lines 73--78
\TU/lmr/m/it/12 Proceedings of the Twenty-Ninth International Joint Con-
 []


Underfull \hbox (badness 2735) in paragraph at lines 80--84
[]\TU/lmr/m/n/12 Peter I. Frazier.  A tutorial on bayesian optimization.
 []

Missing character: There is no   (U+202F) in font [lmroman12-regular]:mapping=t
ex-text;!
[60] [61] [62]) [63] (./main.aux (./TeX_files/Introduction.aux)
(./TeX_files/Quote.aux) (./TeX_files/GP.aux) (./TeX_files/BO.aux)
(./TeX_files/SMBO.aux) (./TeX_files/BASS.aux) (./TeX_files/Experiment.aux)
(./TeX_files/Conclusions.aux))
 ***********
LaTeX2e <2025-11-01>
L3 programming layer <2026-01-19>
 ***********


LaTeX Warning: There were multiply-defined labels.

 ) 
Here is how much of TeX's memory you used:
 3946 strings out of 468168
 66889 string characters out of 5432815
 479723 words of memory out of 5000000
 32532 multiletter control sequences out of 15000+600000
 638531 words of font info for 100 fonts, out of 8000000 for 9000
 1348 hyphenation exceptions out of 8191
 57i,13n,65p,1707b,278s stack positions out of 10000i,1000n,20000p,200000b,200000s

Output written on main.pdf (67 pages).
